
> hoagiang-manager@1.0.0 build
> next build

node.exe : 
[baseline-browser-mapping] 
The data in this module is 
over two months old.  To 
ensure accurate Baseline 
data, please update: `npm i ba
seline-browser-mapping@latest 
-D`
At line:1 char:1
+ & "C:\Program 
Files\nodejs/node.exe" 
"C:\Program 
Files\nodejs/node_mo ...
+ ~~~~~~~~~~~~~~~~~~~~~~~~~~~~
~~~~~~~~~~~~~~~~~~~~~~~~~~~~~~
~~~~~~~~~~~
    + CategoryInfo          : 
    NotSpecified: ([baseline  
  -brows...ping@latest -D`:   
 String) [], RemoteExcepti    
on
    + FullyQualifiedErrorId : 
    NativeCommandError
 
  Γû▓ Next.js 14.2.33
  - Environments: .env.production, .env

   Creating an optimized production build ...
> [PWA] Compile server
> [PWA] Compile server
> [PWA] Compile client (static)
> [PWA] Auto register service worker with: E:\Web Project\Nextjs\HoaGiangManager\node_modules\next-pwa\register.js
> [PWA] Service worker: E:\Web Project\Nextjs\HoaGiangManager\public\sw.js
> [PWA]   url: /sw.js
> [PWA]   scope: /
 Γ£ô Compiled successfully
   Linting and checking validity of types ...
   Collecting page data ...
   Generating static pages (0/40) ...
Authentication error: Dynamic 
server usage: Route /api/devic
e-reminder-plans/upcoming 
couldn't be rendered 
statically because it used 
`request.headers`. See more 
info here: https://nextjs.org/
docs/messages/dynamic-server-e
rror
Authentication error: Dynamic 
server usage: Route /api/event
s/maintenance-batches 
couldn't be rendered 
statically because it used 
`request.headers`. See more 
info here: https://nextjs.org/
docs/messages/dynamic-server-e
rror
   Generating static pages (10/40) 
Authentication error: Dynamic 
server usage: Route 
/api/users/roles couldn't be 
rendered statically because 
it used `request.headers`. 
See more info here: https://ne
xtjs.org/docs/messages/dynamic
-server-error
Authentication error: Dynamic 
server usage: Route /api/maint
enance/notifications couldn't 
be rendered statically 
because it used 
`request.headers`. See more 
info here: https://nextjs.org/
docs/messages/dynamic-server-e
rror
Authentication error: Dynamic 
server usage: Route 
/api/reports/pending couldn't 
be rendered statically 
because it used 
`request.headers`. See more 
info here: https://nextjs.org/
docs/messages/dynamic-server-e
rror
   Generating static pages (20/40) 
Authentication error: Dynamic 
server usage: Route 
/api/damage-reports/export 
couldn't be rendered 
statically because it used 
`request.headers`. See more 
info here: https://nextjs.org/
docs/messages/dynamic-server-e
rror
   Generating static pages (30/40) 
 Γ£ô Generating static pages (40/40)
   Finalizing page optimization ...
   Collecting build traces ...

Route (app)                                               Size     First Load JS
Γöî Γùï /                                                     138 B          87.6 kB
Γö£ Γùï /_not-found                                           873 B          88.4 kB
Γö£ ╞Æ /api/auth/login                                       0 B                0 B
Γö£ ╞Æ /api/auth/register                                    0 B                0 B
Γö£ ╞Æ /api/damage-reports                                   0 B                0 B
Γö£ ╞Æ /api/damage-reports/[id]                              0 B                0 B
Γö£ ╞Æ /api/damage-reports/[id]/handler-notes                0 B                0 B
Γö£ ╞Æ /api/damage-reports/[id]/priority                     0 B                0 B
Γö£ ╞Æ /api/damage-reports/[id]/status                       0 B                0 B
Γö£ ╞Æ /api/damage-reports/export                            0 B                0 B
Γö£ ╞Æ /api/departments                                      0 B                0 B
Γö£ ╞Æ /api/departments/[id]                                 0 B                0 B
Γö£ ╞Æ /api/device-categories                                0 B                0 B
Γö£ ╞Æ /api/device-categories/[id]                           0 B                0 B
Γö£ ╞Æ /api/device-reminder-plans                            0 B                0 B
Γö£ ╞Æ /api/device-reminder-plans/[id]                       0 B                0 B
Γö£ ╞Æ /api/device-reminder-plans/[id]/cancel                0 B                0 B
Γö£ ╞Æ /api/device-reminder-plans/[id]/reschedule            0 B                0 B
Γö£ ╞Æ /api/device-reminder-plans/bulk                       0 B                0 B
Γö£ ╞Æ /api/device-reminder-plans/upcoming                   0 B                0 B
Γö£ ╞Æ /api/devices                                          0 B                0 B
Γö£ ╞Æ /api/devices/[id]                                     0 B                0 B
Γö£ ╞Æ /api/devices/[id]/events                              0 B                0 B
Γö£ ╞Æ /api/devices/[id]/history                             0 B                0 B
Γö£ ╞Æ /api/event-types                                      0 B                0 B
Γö£ ╞Æ /api/event-types/[id]                                 0 B                0 B
Γö£ ╞Æ /api/events                                           0 B                0 B
Γö£ ╞Æ /api/events/[id]                                      0 B                0 B
Γö£ ╞Æ /api/events/batch/[batchId]                           0 B                0 B
Γö£ ╞Æ /api/events/maintenance-batches                       0 B                0 B
Γö£ ╞Æ /api/files/delete                                     0 B                0 B
Γö£ ╞Æ /api/files/list                                       0 B                0 B
Γö£ ╞Æ /api/files/rename                                     0 B                0 B
Γö£ ╞Æ /api/files/upload                                     0 B                0 B
Γö£ Γùï /api/health                                           0 B                0 B
Γö£ ╞Æ /api/maintenance-rounds/[batchId]                     0 B                0 B
Γö£ ╞Æ /api/maintenance-rounds/[batchId]/[roundDate]         0 B                0 B
Γö£ ╞Æ /api/maintenance-rounds/[batchId]/[roundDate]/export  0 B                0 B
Γö£ ╞Æ /api/maintenance/notifications                        0 B                0 B
Γö£ ╞Æ /api/reports/pending                                  0 B                0 B
Γö£ ╞Æ /api/staff                                            0 B                0 B
Γö£ ╞Æ /api/staff/[id]                                       0 B                0 B
Γö£ ╞Æ /api/staff/sync-names                                 0 B                0 B
Γö£ ╞Æ /api/users                                            0 B                0 B
Γö£ ╞Æ /api/users/[id]                                       0 B                0 B
Γö£ ╞Æ /api/users/[id]/change-password                       0 B                0 B
Γö£ ╞Æ /api/users/[id]/lock                                  0 B                0 B
Γö£ ╞Æ /api/users/roles                                      0 B                0 B
Γö£ Γùï /dashboard                                            2.61 kB         121 kB
Γö£ Γùï /dashboard/admin                                      3.86 kB         126 kB
Γö£ Γùï /dashboard/damage-reports                             15.2 kB         170 kB
Γö£ Γùï /dashboard/departments                                4.5 kB          120 kB
Γö£ Γùï /dashboard/device-categories                          4.8 kB          121 kB
Γö£ Γùï /dashboard/devices                                    9.02 kB         164 kB
Γö£ Γùï /dashboard/event-types                                4.5 kB          120 kB
Γö£ Γùï /dashboard/events                                     8.18 kB         131 kB
Γö£ Γùï /dashboard/maintenance                                17.5 kB         148 kB
Γö£ Γùï /dashboard/staff                                      7.6 kB          130 kB
Γö£ Γùï /login                                                2.04 kB         118 kB
Γö£ Γùï /manifest.webmanifest                                 0 B                0 B
Γöö Γùï /register                                             1.45 kB         126 kB
+ First Load JS shared by all                             87.5 kB
  Γö£ chunks/117-8bdd181ac1a44edb.js                        31.7 kB
  Γö£ chunks/fd9d1056-2bacbd8526f17235.js                   53.6 kB
  Γöö other shared chunks (total)                           2.15 kB


Γùï  (Static)   prerendered as static content
╞Æ  (Dynamic)  server-rendered on demand

